// Jest Snapshot v1, https://goo.gl/fbAQLP

exports[`AppStartPage.render Should be render correctly 1`] = `""`;
